FOLLOW(E043eSc) = { $, i043eSc }
FOLLOW(A043eSc) = { $, i043eSc }
