FOLLOW(S043eSc) = { $ }
FOLLOW(I043eSc) = { e043eSc, r043eSc, s043eSc }
FOLLOW(L043eSc) = { $, g043eSc, t043eSc }
