FOLLOW(X043eSc) = { $ }
FOLLOW(Y043eSc) = { $ }
FOLLOW(Z043eSc) = { b043eSc, c043eSc }
FOLLOW(A043eSc) = { $ }
FOLLOW(B043eSc) = { $, e043eSc }
FOLLOW(C043eSc) = { $, e043eSc }
