X043eSc -> Y043eSc 
X043eSc -> B043eSc C043eSc 
Y043eSc -> c043eSc Y043eSc 
Y043eSc -> # 
B043eSc -> a043eSc B043eSc 
B043eSc -> c043eSc 
C043eSc -> c043eSc C043eSc d043eSc 
C043eSc -> # 
