X043eSc -> Y043eSc Z043eSc 
X043eSc -> F043eSc Q043eSc P043eSc z043eSc 
Z043eSc -> W043eSc W043eSc 
W043eSc -> X043eSc 
Y043eSc -> d043eSc 
Z043eSc -> n043eSc 
F043eSc -> t043eSc q043eSc 
Q043eSc -> k043eSc j043eSc 
P043eSc -> Y043eSc r043eSc 
