S043eSc -> S043eSc 
S043eSc -> ABCCDF043eSc 
S043eSc -> # 
ABCCDF043eSc -> ABC043eSc CDF043eSc 
ABC043eSc -> AB043eSc C043eSc 
AB043eSc -> A043eSc B043eSc 
CDF043eSc -> CD043eSc F043eSc 
CD043eSc -> C043eSc D043eSc 
A043eSc -> B043eSc 
C043eSc -> D043eSc 
B043eSc -> C043eSc 
D043eSc -> S043eSc 
