S043eSc -> C043eSc D043eSc E043eSc 
C043eSc -> E043eSc 
D043eSc -> S043eSc 
E043eSc -> a043eSc 
D043eSc -> b043eSc 
C043eSc -> a043eSc 
