FIRST(S043eSc) = { a043eSc, e043eSc }
FIRST(W043eSc) = { #, a043eSc, e043eSc }
FIRST(V043eSc) = { #, a043eSc, b043eSc, c043eSc, d043eSc, e043eSc, f043eSc, g043eSc, h043eSc, p043eSc, i043eSc, j043eSc }
FIRST(U043eSc) = { #, d043eSc, h043eSc }
FIRST(T043eSc) = { #, a043eSc, f043eSc, g043eSc }
FIRST(R043eSc) = { #, a043eSc, b043eSc, c043eSc, d043eSc, e043eSc, f043eSc, g043eSc, h043eSc, p043eSc, i043eSc, j043eSc }
FIRST(Z043eSc) = { #, a043eSc, b043eSc, c043eSc, d043eSc, e043eSc, f043eSc, g043eSc, h043eSc, p043eSc, i043eSc, j043eSc }
FIRST(Y043eSc) = { #, a043eSc, b043eSc, c043eSc, d043eSc, e043eSc, f043eSc, g043eSc, h043eSc, p043eSc, i043eSc, j043eSc }
FIRST(X043eSc) = { #, a043eSc, b043eSc, c043eSc, d043eSc, e043eSc, f043eSc, g043eSc, h043eSc, p043eSc, i043eSc, j043eSc }
