FIRST(X043eSc) = { #, e043eSc, b043eSc, c043eSc, a043eSc, d043eSc }
FIRST(Y043eSc) = { #, e043eSc }
FIRST(Z043eSc) = { b043eSc, a043eSc }
FIRST(A043eSc) = { b043eSc }
FIRST(B043eSc) = { c043eSc, d043eSc }
FIRST(C043eSc) = { #, e043eSc }
