FIRST(S043eSc) = { # }
FIRST(a043eSc) = { # }
FIRST(b043eSc) = { # }
FIRST(c043eSc) = { # }
FIRST(d043eSc) = { # }
FIRST(e043eSc) = { # }
FIRST(f043eSc) = { # }
