FIRST(S043eSc) = { e043eSc, d043eSc, a043eSc, b043eSc, c043eSc }
FIRST(A043eSc) = { #, a043eSc, b043eSc }
FIRST(B043eSc) = { #, a043eSc, b043eSc, c043eSc }
FIRST(F043eSc) = { #, c043eSc }
FIRST(D043eSc) = { c043eSc }
FIRST(C043eSc) = { #, c043eSc }
FIRST(E043eSc) = { c043eSc }
