FOLLOW(S043eSc) = { $, a043eSc }
FOLLOW(A043eSc) = { $, a043eSc }
FOLLOW(B043eSc) = { $, a043eSc }
FOLLOW(C043eSc) = { a043eSc }
FOLLOW(D043eSc) = { $, a043eSc }
FOLLOW(E043eSc) = { $, a043eSc }
