a043eSc b043eSc c043eSc d043eSc e043eSc f043eSc g043eSc h043eSc i043eSc j043eSc k043eSc S043eSc W043eSc V043eSc U043eSc T043eSc R043eSc Z043eSc Y043eSc X043eSc 