h043eSc i043eSc c043eSc e043eSc j043eSc a043eSc E043eSc A043eSc 