a043eSc e043eSc f043eSc b043eSc i043eSc d043eSc g043eSc c043eSc E043eSc C043eSc 