c1043eSc a1043eSc b1043eSc S043eSc C043eSc B043eSc 