fp2043eSc fiq043eSc o1043eSc lo1043eSc AFDsha5043eSc Ac5043eSc B1c043eSc 