c043eSc a043eSc b043eSc X043eSc W043eSc Y043eSc Z043eSc 