a043eSc b043eSc c043eSc x043eSc f043eSc g043eSc z043eSc A043eSc B043eSc G043eSc C043eSc D043eSc F043eSc E043eSc 