FIRST(X043eSc) = { a043eSc, e043eSc }
FIRST(W043eSc) = { b043eSc }
FIRST(Y043eSc) = { d043eSc }
