FIRST(a043eSc) = { A043eSc, B043eSc, C043eSc, D043eSc, E043eSc, F043eSc, G043eSc, J043eSc }
FIRST(b043eSc) = { A043eSc, B043eSc, C043eSc, D043eSc, E043eSc, F043eSc, G043eSc, J043eSc }
FIRST(c043eSc) = { A043eSc, B043eSc, C043eSc, D043eSc, E043eSc, F043eSc, G043eSc, J043eSc }
FIRST(d043eSc) = { A043eSc, B043eSc, C043eSc, D043eSc, E043eSc, F043eSc, G043eSc, J043eSc }
FIRST(e043eSc) = { A043eSc, B043eSc, C043eSc, D043eSc, E043eSc, F043eSc, G043eSc, J043eSc }
FIRST(f043eSc) = { A043eSc, B043eSc, C043eSc, D043eSc, E043eSc, F043eSc, G043eSc, J043eSc }
