FIRST(E043eSc) = { h043eSc, c043eSc, a043eSc }
FIRST(A043eSc) = { # }
