e043eSc g043eSc r043eSc t043eSc s043eSc S043eSc I043eSc L043eSc 