x043eSc xx043eSc z043eSc y043eSc yy043eSc zz043eSc B043eSc A043eSc C043eSc D043eSc 