y043eSc x043eSc t043eSc f043eSc B043eSc C043eSc A043eSc 