a043eSc aa043eSc aaa043eSc b043eSc bb043eSc bbb043eSc A043eSc AA043eSc AAA043eSc B043eSc BB043eSc BBB043eSc 