z043eSc i043eSc q043eSc r043eSc k043eSc j043eSc t043eSc d043eSc l043eSc m043eSc n043eSc X043eSc Y043eSc Z043eSc F043eSc Q043eSc P043eSc U043eSc B043eSc S043eSc O043eSc T043eSc W043eSc A043eSc C043eSc R043eSc E043eSc V043eSc D043eSc H043eSc I043eSc G043eSc 