A043eSc B043eSc C043eSc D043eSc E043eSc F043eSc G043eSc J043eSc K043eSc a043eSc b043eSc c043eSc d043eSc e043eSc f043eSc 