X043eSc -> Y043eSc 
Y043eSc -> e043eSc Y043eSc 
Y043eSc -> # 
