S043eSc -> C043eSc D043eSc E043eSc 
C043eSc -> E043eSc 
D043eSc -> a043eSc E043eSc 
E043eSc -> a043eSc b043eSc 
